[INFO] Error stacktraces are turned on.
[INFO] Scanning for projects...
[INFO] 
[INFO] ----------< com.criztiandev.extractionevent:extraction-event >----------
[INFO] Building ExtractionEvent 1.0.12-SNAPSHOT
[INFO]   from pom.xml
[INFO] --------------------------------[ jar ]---------------------------------
[INFO] 
[INFO] --- resources:3.3.1:resources (default-resources) @ extraction-event ---
[INFO] Copying 2 resources from src\main\resources to target\classes
[INFO] 
[INFO] --- compiler:3.13.0:compile (default-compile) @ extraction-event ---
[INFO] Nothing to compile - all classes are up to date.
[INFO] 
[INFO] --- resources:3.3.1:testResources (default-testResources) @ extraction-event ---
[INFO] skip non existing resourceDirectory C:\Users\crizt\OneDrive\Desktop\Plugins\extraction-event-handler\src\test\resources
[INFO] 
[INFO] --- compiler:3.13.0:testCompile (default-testCompile) @ extraction-event ---
[INFO] Nothing to compile - all classes are up to date.
[INFO] 
[INFO] --- surefire:3.2.5:test (default-test) @ extraction-event ---
[INFO] Surefire report directory: C:\Users\crizt\OneDrive\Desktop\Plugins\extraction-event-handler\target\surefire-reports
[INFO] Using auto detected provider org.apache.maven.surefire.junitplatform.JUnitPlatformProvider
[INFO] 
[INFO] -------------------------------------------------------
[INFO]  T E S T S
[INFO] -------------------------------------------------------
[INFO] Running com.criztiandev.extractionevent.listeners.DamageCapListenerTest
[INFO] Tests run: 7, Failures: 0, Errors: 0, Skipped: 0, Time elapsed: 1.563 s -- in com.criztiandev.extractionevent.listeners.DamageCapListenerTest
[INFO] Running com.criztiandev.extractionevent.listeners.EnderChestListenerTest
[WARNING] Tests run: 2, Failures: 0, Errors: 0, Skipped: 2, Time elapsed: 0 s -- in com.criztiandev.extractionevent.listeners.EnderChestListenerTest
[INFO] Running com.criztiandev.extractionevent.listeners.EnvoyEventListenerTest
[ERROR] Tests run: 3, Failures: 0, Errors: 3, Skipped: 0, Time elapsed: 0.141 s <<< FAILURE! -- in com.criztiandev.extractionevent.listeners.EnvoyEventListenerTest
[ERROR] com.criztiandev.extractionevent.listeners.EnvoyEventListenerTest.testCancelWhenShiftActive -- Time elapsed: 0.119 s <<< ERROR!
java.lang.NullPointerException: Cannot invoke "org.bukkit.Server.getPluginManager()" because "org.bukkit.Bukkit.server" is null
	at org.bukkit.Bukkit.getPluginManager(Bukkit.java:779)
	at com.criztiandev.extractionevent.listeners.EnvoyEventListener.registerDynamicEvents(EnvoyEventListener.java:26)
	at com.criztiandev.extractionevent.listeners.EnvoyEventListener.<init>(EnvoyEventListener.java:22)
	at com.criztiandev.extractionevent.listeners.EnvoyEventListenerTest.testCancelWhenShiftActive(EnvoyEventListenerTest.java:59)
	at java.base/java.lang.reflect.Method.invoke(Method.java:580)
	at java.base/java.util.ArrayList.forEach(ArrayList.java:1596)
	at java.base/java.util.ArrayList.forEach(ArrayList.java:1596)

[ERROR] com.criztiandev.extractionevent.listeners.EnvoyEventListenerTest.testBypassWhenNeitherActive -- Time elapsed: 0.009 s <<< ERROR!
java.lang.NullPointerException: Cannot invoke "org.bukkit.Server.getPluginManager()" because "org.bukkit.Bukkit.server" is null
	at org.bukkit.Bukkit.getPluginManager(Bukkit.java:779)
	at com.criztiandev.extractionevent.listeners.EnvoyEventListener.registerDynamicEvents(EnvoyEventListener.java:26)
	at com.criztiandev.extractionevent.listeners.EnvoyEventListener.<init>(EnvoyEventListener.java:22)
	at com.criztiandev.extractionevent.listeners.EnvoyEventListenerTest.testBypassWhenNeitherActive(EnvoyEventListenerTest.java:103)
	at java.base/java.lang.reflect.Method.invoke(Method.java:580)
	at java.base/java.util.ArrayList.forEach(ArrayList.java:1596)
	at java.base/java.util.ArrayList.forEach(ArrayList.java:1596)

[ERROR] com.criztiandev.extractionevent.listeners.EnvoyEventListenerTest.testCancelWhenRegionExplicit -- Time elapsed: 0.006 s <<< ERROR!
java.lang.NullPointerException: Cannot invoke "org.bukkit.Server.getPluginManager()" because "org.bukkit.Bukkit.server" is null
	at org.bukkit.Bukkit.getPluginManager(Bukkit.java:779)
	at com.criztiandev.extractionevent.listeners.EnvoyEventListener.registerDynamicEvents(EnvoyEventListener.java:26)
	at com.criztiandev.extractionevent.listeners.EnvoyEventListener.<init>(EnvoyEventListener.java:22)
	at com.criztiandev.extractionevent.listeners.EnvoyEventListenerTest.testCancelWhenRegionExplicit(EnvoyEventListenerTest.java:82)
	at java.base/java.lang.reflect.Method.invoke(Method.java:580)
	at java.base/java.util.ArrayList.forEach(ArrayList.java:1596)
	at java.base/java.util.ArrayList.forEach(ArrayList.java:1596)

[INFO] Running com.criztiandev.extractionevent.listeners.FreeCamListenerTest
[INFO] Tests run: 11, Failures: 0, Errors: 0, Skipped: 0, Time elapsed: 0.484 s -- in com.criztiandev.extractionevent.listeners.FreeCamListenerTest
[INFO] Running com.criztiandev.extractionevent.listeners.LevEventListenerTest
[INFO] Tests run: 3, Failures: 0, Errors: 0, Skipped: 0, Time elapsed: 0.039 s -- in com.criztiandev.extractionevent.listeners.LevEventListenerTest
[INFO] Running com.criztiandev.extractionevent.managers.WarzoneShiftManagerTest
[INFO] Tests run: 4, Failures: 0, Errors: 0, Skipped: 0, Time elapsed: 1.110 s -- in com.criztiandev.extractionevent.managers.WarzoneShiftManagerTest
[INFO] Running com.criztiandev.extractionevent.tasks.RegionPresenceTaskTest
[INFO] Tests run: 8, Failures: 0, Errors: 0, Skipped: 0, Time elapsed: 0.031 s -- in com.criztiandev.extractionevent.tasks.RegionPresenceTaskTest
[INFO] 
[INFO] Results:
[INFO] 
[ERROR] Errors: 
[ERROR]   EnvoyEventListenerTest.testBypassWhenNeitherActive:103 » NullPointer Cannot invoke "org.bukkit.Server.getPluginManager()" because "org.bukkit.Bukkit.server" is null
[ERROR]   EnvoyEventListenerTest.testCancelWhenRegionExplicit:82 » NullPointer Cannot invoke "org.bukkit.Server.getPluginManager()" because "org.bukkit.Bukkit.server" is null
[ERROR]   EnvoyEventListenerTest.testCancelWhenShiftActive:59 » NullPointer Cannot invoke "org.bukkit.Server.getPluginManager()" because "org.bukkit.Bukkit.server" is null
[INFO] 
[ERROR] Tests run: 38, Failures: 0, Errors: 3, Skipped: 2
[INFO] 
[INFO] ------------------------------------------------------------------------
[INFO] BUILD FAILURE
[INFO] ------------------------------------------------------------------------
[INFO] Total time:  5.104 s
[INFO] Finished at: 2026-03-12T12:22:10+08:00
[INFO] ------------------------------------------------------------------------
[ERROR] Failed to execute goal org.apache.maven.plugins:maven-surefire-plugin:3.2.5:test (default-test) on project extraction-event: 
[ERROR] 
[ERROR] Please refer to C:\Users\crizt\OneDrive\Desktop\Plugins\extraction-event-handler\target\surefire-reports for the individual test results.
[ERROR] Please refer to dump files (if any exist) [date].dump, [date]-jvmRun[N].dump and [date].dumpstream.
[ERROR] -> [Help 1]
org.apache.maven.lifecycle.LifecycleExecutionException: Failed to execute goal org.apache.maven.plugins:maven-surefire-plugin:3.2.5:test (default-test) on project extraction-event: 

Please refer to C:\Users\crizt\OneDrive\Desktop\Plugins\extraction-event-handler\target\surefire-reports for the individual test results.
Please refer to dump files (if any exist) [date].dump, [date]-jvmRun[N].dump and [date].dumpstream.
    at org.apache.maven.lifecycle.internal.MojoExecutor.doExecute2 (MojoExecutor.java:333)
    at org.apache.maven.lifecycle.internal.MojoExecutor.doExecute (MojoExecutor.java:316)
    at org.apache.maven.lifecycle.internal.MojoExecutor.execute (MojoExecutor.java:212)
    at org.apache.maven.lifecycle.internal.MojoExecutor.execute (MojoExecutor.java:174)
    at org.apache.maven.lifecycle.internal.MojoExecutor.access$000 (MojoExecutor.java:75)
    at org.apache.maven.lifecycle.internal.MojoExecutor$1.run (MojoExecutor.java:162)
    at org.apache.maven.plugin.DefaultMojosExecutionStrategy.execute (DefaultMojosExecutionStrategy.java:39)
    at org.apache.maven.lifecycle.internal.MojoExecutor.execute (MojoExecutor.java:159)
    at org.apache.maven.lifecycle.internal.LifecycleModuleBuilder.buildProject (LifecycleModuleBuilder.java:105)
    at org.apache.maven.lifecycle.internal.LifecycleModuleBuilder.buildProject (LifecycleModuleBuilder.java:73)
    at org.apache.maven.lifecycle.internal.builder.singlethreaded.SingleThreadedBuilder.build (SingleThreadedBuilder.java:53)
    at org.apache.maven.lifecycle.internal.LifecycleStarter.execute (LifecycleStarter.java:118)
    at org.apache.maven.DefaultMaven.doExecute (DefaultMaven.java:261)
    at org.apache.maven.DefaultMaven.doExecute (DefaultMaven.java:173)
    at org.apache.maven.DefaultMaven.execute (DefaultMaven.java:101)
    at org.apache.maven.cli.MavenCli.execute (MavenCli.java:919)
    at org.apache.maven.cli.MavenCli.doMain (MavenCli.java:285)
    at org.apache.maven.cli.MavenCli.main (MavenCli.java:207)
    at jdk.internal.reflect.DirectMethodHandleAccessor.invoke (DirectMethodHandleAccessor.java:103)
    at java.lang.reflect.Method.invoke (Method.java:580)
    at org.codehaus.plexus.classworlds.launcher.Launcher.launchEnhanced (Launcher.java:255)
    at org.codehaus.plexus.classworlds.launcher.Launcher.launch (Launcher.java:201)
    at org.codehaus.plexus.classworlds.launcher.Launcher.mainWithExitCode (Launcher.java:361)
    at org.codehaus.plexus.classworlds.launcher.Launcher.main (Launcher.java:314)
Caused by: org.apache.maven.plugin.MojoFailureException: 

Please refer to C:\Users\crizt\OneDrive\Desktop\Plugins\extraction-event-handler\target\surefire-reports for the individual test results.
Please refer to dump files (if any exist) [date].dump, [date]-jvmRun[N].dump and [date].dumpstream.
    at org.apache.maven.plugin.surefire.SurefireHelper.throwException (SurefireHelper.java:247)
    at org.apache.maven.plugin.surefire.SurefireHelper.reportExecution (SurefireHelper.java:159)
    at org.apache.maven.plugin.surefire.SurefirePlugin.handleSummary (SurefirePlugin.java:542)
    at org.apache.maven.plugin.surefire.AbstractSurefireMojo.executeAfterPreconditionsChecked (AbstractSurefireMojo.java:1102)
    at org.apache.maven.plugin.surefire.AbstractSurefireMojo.execute (AbstractSurefireMojo.java:910)
    at org.apache.maven.plugin.DefaultBuildPluginManager.executeMojo (DefaultBuildPluginManager.java:126)
    at org.apache.maven.lifecycle.internal.MojoExecutor.doExecute2 (MojoExecutor.java:328)
    at org.apache.maven.lifecycle.internal.MojoExecutor.doExecute (MojoExecutor.java:316)
    at org.apache.maven.lifecycle.internal.MojoExecutor.execute (MojoExecutor.java:212)
    at org.apache.maven.lifecycle.internal.MojoExecutor.execute (MojoExecutor.java:174)
    at org.apache.maven.lifecycle.internal.MojoExecutor.access$000 (MojoExecutor.java:75)
    at org.apache.maven.lifecycle.internal.MojoExecutor$1.run (MojoExecutor.java:162)
    at org.apache.maven.plugin.DefaultMojosExecutionStrategy.execute (DefaultMojosExecutionStrategy.java:39)
    at org.apache.maven.lifecycle.internal.MojoExecutor.execute (MojoExecutor.java:159)
    at org.apache.maven.lifecycle.internal.LifecycleModuleBuilder.buildProject (LifecycleModuleBuilder.java:105)
    at org.apache.maven.lifecycle.internal.LifecycleModuleBuilder.buildProject (LifecycleModuleBuilder.java:73)
    at org.apache.maven.lifecycle.internal.builder.singlethreaded.SingleThreadedBuilder.build (SingleThreadedBuilder.java:53)
    at org.apache.maven.lifecycle.internal.LifecycleStarter.execute (LifecycleStarter.java:118)
    at org.apache.maven.DefaultMaven.doExecute (DefaultMaven.java:261)
    at org.apache.maven.DefaultMaven.doExecute (DefaultMaven.java:173)
    at org.apache.maven.DefaultMaven.execute (DefaultMaven.java:101)
    at org.apache.maven.cli.MavenCli.execute (MavenCli.java:919)
    at org.apache.maven.cli.MavenCli.doMain (MavenCli.java:285)
    at org.apache.maven.cli.MavenCli.main (MavenCli.java:207)
    at jdk.internal.reflect.DirectMethodHandleAccessor.invoke (DirectMethodHandleAccessor.java:103)
    at java.lang.reflect.Method.invoke (Method.java:580)
    at org.codehaus.plexus.classworlds.launcher.Launcher.launchEnhanced (Launcher.java:255)
    at org.codehaus.plexus.classworlds.launcher.Launcher.launch (Launcher.java:201)
    at org.codehaus.plexus.classworlds.launcher.Launcher.mainWithExitCode (Launcher.java:361)
    at org.codehaus.plexus.classworlds.launcher.Launcher.main (Launcher.java:314)
[ERROR] 
[ERROR] Re-run Maven using the -X switch to enable full debug logging.
[ERROR] 
[ERROR] For more information about the errors and possible solutions, please read the following articles:
[ERROR] [Help 1] http://cwiki.apache.org/confluence/display/MAVEN/MojoFailureException
